#-----------------------------------------------------------
# Vivado v2017.2.1 (64-bit)
# SW Build 1957588 on Wed Aug  9 16:32:10 MDT 2017
# IP Build 1948039 on Wed Aug  9 18:19:28 MDT 2017
# Start of session at: Fri Aug 30 19:17:04 2019
# Process ID: 14742
# Current directory: /home/jonzo/bigmems
# Command line: vivado -mode tcl
# Log file: /home/jonzo/bigmems/vivado.log
# Journal file: /home/jonzo/bigmems/vivado.jou
#-----------------------------------------------------------
open_checkpoint 
open_checkpoint designs/72k/vivado/reports/2kb36.dcp 
get_cells mem/ram_reg_0
get_cells mem/
get_cells -hierarchical 
get_cells -of [get_cells mem]]
get_cells -of {get_cells mem}]
get_cells -of [get_cells mem]
get_primatives
get_primitives 
synth_design -top top
read_verilog designs/72k/vivado/verilog/2kb36.sv 
synth_design -top top -flatten_hierarchy 
synth_design -flatten_hierarchy -top top 
synth_design -top top
synth_design -top top -flatten_hierarchy full
get_cells
source generate/mdd_make.tcl 
mddMake
source generate/mdd_make.tcl
mddMake
foreeach c [get_cells] {
puts [get_property REF_NAME $c]
}
foreach c [get_cells] {
puts [get_property REF_NAME $c]
}
place_design 
route_design
mddMake
source generate/mdd_make.tcl
mddMake
report_property [get_cells mem/ram_reg_1]
source generate/mdd_make.tcl
mddMake des
mddMake "des"
mddMake [des]
source generate/mdd_make.tcl
mddMake
mddMake -fname mddtest
mddMake fname mddtest
mddMake mddtest
source generate/mdd_make.tcl
mddMake mddtest
source generate/mdd_make.tcl
mddMake
mddMake fname
mddMake -fname mddtest
mddMake " mddtest"
mddMake ["mddtest"]
mddMake -fname mddtest
mddMake mddtest
source generate/mdd_make.tcl
mddMake mddtest
source generate/mdd_make.tcl
mddMake mddtest
